// Jest Snapshot v1, https://goo.gl/fbAQLP

exports[`badge can render 1`] = `
<span
  className="badge"
>
  5
</span>
`;

exports[`badge can render even without a numerical value 1`] = `
<span
  className="badge"
>
  ?
</span>
`;
